[
  {
    Item1: 'C:\One.md',
    Item2: 'DateTime 1'
  },
  {
    Item1: 'C:\Three.md',
    Item2: 'DateTime 2'
  },
  {
    Item1: 'C:\Two.md',
    Item2: 'DateTime 3'
  }
]