{
  FoundFiles: [
    {
      Time: 'DateTimeOffset 1',
      RelativePath: 'Three.md',
      Path: 'C:\Three.md'
    },
    {
      Time: 'DateTimeOffset 2',
      RelativePath: 'Two.md',
      Path: 'C:\Two.md'
    }
  ],
  MissingFiles: [
    'C:\One.md'
  ]
}