{
  "FoundFiles": [
    {
      "Time": "2012-04-17T08:23:42+02:00",
      "RelativePath": "productB\subproduct\toc.md",
      "Path": "C:\productB\subproduct\toc.md"
    },
    {
      "Time": "2012-04-17T08:23:39+02:00",
      "RelativePath": "productB\toc.md",
      "Path": "C:\productB\toc.md"
    },
    {
      "Time": "2012-04-17T08:23:39+02:00",
      "RelativePath": "productA\toc.md",
      "Path": "C:\productA\toc.md"
    },
    {
      "Time": "2012-04-17T08:22:35+02:00",
      "RelativePath": "Three.md",
      "Path": "C:\Three.md"
    },
    {
      "Time": "2012-04-17T08:20:35+02:00",
      "RelativePath": "Two.md",
      "Path": "C:\Two.md"
    },
    {
      "Time": "2012-04-17T08:18:35+02:00",
      "RelativePath": "Orphan.md",
      "Path": "C:\Orphan.md"
    },
    {
      "Time": "2012-04-17T08:16:35+02:00",
      "RelativePath": "One.md",
      "Path": "C:\One.md"
    },
    {
      "Time": "2012-04-17T08:12:35+02:00",
      "RelativePath": "Another.md",
      "Path": "C:\Another.md"
    }
  ],
  "MissingFiles": []
}