{
  "GivenNames": "John",
  "FamilyName": "Smith",
  "Spouse": "Jill",
  "Address": {
    "Street": "1 Puddle Lane",
    "Suburb": null,
    "Country": "USA"
  },
  "Childres": [
    "Sam",
    "Mary"
  ],
  "Title": "Mr"
}